▿ Button
  - clickAnalyticsEvent: Optional<AnalyticsClick>.none
  ▿ enabled: Optional<Expression<Bool>>
    ▿ some: Expression<Bool>
      - value: false
  ▿ onPress: Optional<Array<Action>>
    ▿ some: 1 element
      ▿ Navigate
        - _beagleAction_: "beagle:popstack"
        - analytics: Optional<ActionAnalyticsConfig>.none
  - styleId: Optional<String>.none
  ▿ text: Expression<String>
    - value: "button"
  ▿ widgetProperties: WidgetProperties
    - accessibility: Optional<Accessibility>.none
    - id: Optional<String>.none
    ▿ style: Optional<Style>
      ▿ some: Style
        ▿ backgroundColor: Optional<String>
          - some: "#800000FF"
        - borderColor: Optional<String>.none
        - borderWidth: Optional<Double>.none
        ▿ cornerRadius: Optional<CornerRadius>
          ▿ some: CornerRadius
            - bottomLeft: Optional<Double>.none
            - bottomRight: Optional<Double>.none
            ▿ radius: Optional<Double>
              - some: 30.0
            - topLeft: Optional<Double>.none
            - topRight: Optional<Double>.none
        - display: Optional<Expression<Display>>.none
        - flex: Optional<Flex>.none
        - margin: Optional<EdgeValue>.none
        - padding: Optional<EdgeValue>.none
        - position: Optional<EdgeValue>.none
        - positionType: Optional<PositionType>.none
        - size: Optional<Size>.none
