▿ 10 elements
  ▿ Optional<SingleExpression>
    ▿ some: SingleExpression
      ▿ nodes: 2 elements
        ▿ Node
          - property: "client"
        ▿ Node
          - property: "name"
  ▿ Optional<SingleExpression>
    ▿ some: SingleExpression
      ▿ nodes: 3 elements
        ▿ Node
          - property: "client"
        ▿ Node
          - property: "name"
        ▿ Node
          - property: "first"
  ▿ Optional<SingleExpression>
    ▿ some: SingleExpression
      ▿ nodes: 3 elements
        ▿ Node
          - property: "client"
        ▿ Node
          - property: "phones"
        ▿ Node
          - arrayItem: 0
  ▿ Optional<SingleExpression>
    ▿ some: SingleExpression
      ▿ nodes: 4 elements
        ▿ Node
          - property: "client"
        ▿ Node
          - property: "matrix"
        ▿ Node
          - arrayItem: 1
        ▿ Node
          - arrayItem: 1
  ▿ Optional<SingleExpression>
    ▿ some: SingleExpression
      ▿ nodes: 4 elements
        ▿ Node
          - property: "client"
        ▿ Node
          - property: "matrix"
        ▿ Node
          - arrayItem: 3
        ▿ Node
          - arrayItem: 3
  - Optional<SingleExpression>.none
  - Optional<SingleExpression>.none
  - Optional<SingleExpression>.none
  - Optional<SingleExpression>.none
  - Optional<SingleExpression>.none
