▿ BeagleDependencies
  - analytics: Optional<Analytics>.none
  - appBundle: NSBundle <(null)> (not yet loaded)
  - cacheManager: Optional<CacheManagerProtocol>.none
  ▿ customActionHandler: Optional<CustomActionHandler>
    ▿ some: CustomActionHandlerSpy
      - actionsHandledCount: 0
  - decoder: ComponentDecodingDummy
  ▿ deepLinkHandler: Optional<DeepLinkScreenManaging>
    - some: DeepLinkHandlerDummy
  - flex: (Function)
  ▿ formDataStoreHandler: FormDataStoreHandler
    - dataStore: 0 key/value pairs
  - logger: BeagleLoggerDumb
  - navigation: BeagleNavigator
  - navigationControllerType: BeagleNavigationController
  - networkClient: NetworkClientDummy
  ▿ opener: URLOpenerDumb
    - hasInvokedTryToOpen: false
  ▿ preFetchHelper: BeaglePreFetchHelper
    ▿ dependencies: InnerDependenciesResolver
      - container: (Function)
  - renderer: (Function)
  ▿ repository: RepositoryDefault
    - cacheHashHeader: "beagle-hash"
    ▿ dependencies: InnerDependenciesResolver
      - container: (Function)
    - serviceMaxCacheAge: "cache-control"
  ▿ resolver: InnerDependenciesResolver
    - container: (Function)
  - theme: AppThemeDummy
  ▿ urlBuilder: UrlBuilder
    ▿ baseUrl: Optional<URL>
      - some: www.test.com
  ▿ validatorProvider: Optional<ValidatorProvider>
    ▿ some: ValidatorProviding
      - handlers: 0 key/value pairs
  - viewConfigurator: (Function)
  ▿ windowManager: WindowManagerDumb
    ▿ window: Optional<WindowProtocol>
      ▿ some: WindowMock
        - hasInvokedReplaceRootViewController: false
