▿ BeagleDependencies
  - analytics: Optional<Analytics>.none
  - appBundle: NSBundle <(null)> (not yet loaded)
  ▿ cacheManager: Optional<CacheManagerProtocol>
    ▿ some: CacheManagerDefault
      - $__lazy_storage_$_diskManager: Optional<CacheDiskManagerProtocol>.none
      - $__lazy_storage_$_memoryReferences: Optional<CacheLRU<String, CacheReference>>.none
      ▿ config: Config
        - cacheMaxAge: 300
        - diskMaximumCapacity: 150
        - memoryMaximumCapacity: 15
      - defaultMaxCacheAge: "maxValidAge"
      ▿ dependencies: InnerDependenciesResolver
        - container: (Function)
  - customActionHandler: Optional<CustomActionHandler>.none
  ▿ decoder: ComponentDecoder
    ▿ actionDecoders: 13 key/value pairs
      ▿ (2 elements)
        - key: "beagle:customaction"
        - value: CustomAction
      ▿ (2 elements)
        - key: "beagle:formremoteaction"
        - value: FormRemoteAction
      ▿ (2 elements)
        - key: "beagle:formvalidation"
        - value: FormValidation
      ▿ (2 elements)
        - key: "beagle:openexternalurl"
        - value: Navigate
      ▿ (2 elements)
        - key: "beagle:opennativeroute"
        - value: Navigate
      ▿ (2 elements)
        - key: "beagle:popstack"
        - value: Navigate
      ▿ (2 elements)
        - key: "beagle:poptoview"
        - value: Navigate
      ▿ (2 elements)
        - key: "beagle:popview"
        - value: Navigate
      ▿ (2 elements)
        - key: "beagle:pushstack"
        - value: Navigate
      ▿ (2 elements)
        - key: "beagle:pushview"
        - value: Navigate
      ▿ (2 elements)
        - key: "beagle:resetapplication"
        - value: Navigate
      ▿ (2 elements)
        - key: "beagle:resetstack"
        - value: Navigate
      ▿ (2 elements)
        - key: "beagle:shownativedialog"
        - value: ShowNativeDialog
    ▿ componentDecoders: 18 key/value pairs
      ▿ (2 elements)
        - key: "beagle:button"
        - value: Button
      ▿ (2 elements)
        - key: "beagle:container"
        - value: Container
      ▿ (2 elements)
        - key: "beagle:form"
        - value: Form
      ▿ (2 elements)
        - key: "beagle:forminput"
        - value: FormInput
      ▿ (2 elements)
        - key: "beagle:formsubmit"
        - value: FormSubmit
      ▿ (2 elements)
        - key: "beagle:image"
        - value: Image
      ▿ (2 elements)
        - key: "beagle:lazycomponent"
        - value: LazyComponent
      ▿ (2 elements)
        - key: "beagle:listview"
        - value: ListView
      ▿ (2 elements)
        - key: "beagle:networkimage"
        - value: NetworkImage
      ▿ (2 elements)
        - key: "beagle:pageindicator"
        - value: PageIndicator
      ▿ (2 elements)
        - key: "beagle:pageview"
        - value: PageView
      ▿ (2 elements)
        - key: "beagle:screencomponent"
        - value: ScreenComponent
      ▿ (2 elements)
        - key: "beagle:scrollview"
        - value: ScrollView
      ▿ (2 elements)
        - key: "beagle:spacer"
        - value: Spacer
      ▿ (2 elements)
        - key: "beagle:tabview"
        - value: TabView
      ▿ (2 elements)
        - key: "beagle:text"
        - value: Text
      ▿ (2 elements)
        - key: "beagle:touchable"
        - value: Touchable
      ▿ (2 elements)
        - key: "beagle:webview"
        - value: WebView
    ▿ jsonDecoder: JSONDecoder
      - dataDecodingStrategy: DataDecodingStrategy.base64
      - dateDecodingStrategy: DateDecodingStrategy.deferredToDate
      - keyDecodingStrategy: KeyDecodingStrategy.useDefaultKeys
      - nonConformingFloatDecodingStrategy: NonConformingFloatDecodingStrategy.throw
      - userInfo: 0 key/value pairs
  - deepLinkHandler: Optional<DeepLinkScreenManaging>.none
  - flex: (Function)
  ▿ formDataStoreHandler: FormDataStoreHandler
    - dataStore: 0 key/value pairs
  - logger: BeagleLogger
  - navigation: BeagleNavigator
  - navigationControllerType: BeagleNavigationController
  ▿ networkClient: NetworkClientDefault
    ▿ dependencies: InnerDependenciesResolver
      - container: (Function)
    ▿ httpRequestBuilder: HttpRequestBuilder
      - additionalHeaders: 0 key/value pairs
    - session: <__NSURLSessionLocal>
  ▿ opener: URLOpenerDefault
    ▿ dependencies: InnerDependenciesResolver
      - container: (Function)
  ▿ preFetchHelper: BeaglePreFetchHelper
    ▿ dependencies: InnerDependenciesResolver
      - container: (Function)
  - renderer: (Function)
  ▿ repository: RepositoryDefault
    - cacheHashHeader: "beagle-hash"
    ▿ dependencies: InnerDependenciesResolver
      - container: (Function)
    - serviceMaxCacheAge: "cache-control"
  ▿ resolver: InnerDependenciesResolver
    - container: (Function)
  ▿ theme: AppTheme
    - styles: 0 key/value pairs
  ▿ urlBuilder: UrlBuilder
    - baseUrl: Optional<URL>.none
  - validatorProvider: Optional<ValidatorProvider>.none
  - viewConfigurator: (Function)
  - windowManager: WindowManagerDefault
