▿ 4 key/value pairs
  ▿ (2 elements)
    - key: "@{context.a}"
    ▿ value: DynamicObject
      - string: "1"
  ▿ (2 elements)
    - key: "@{context}"
    ▿ value: DynamicObject
      ▿ dictionary: 2 key/value pairs
        ▿ (2 elements)
          - key: "a"
          ▿ value: DynamicObject
            - string: "1"
        ▿ (2 elements)
          - key: "b"
          ▿ value: DynamicObject
            - string: "2"
  ▿ (2 elements)
    - key: "@{leaf.[0]}"
    ▿ value: DynamicObject
      - string: "test"
  ▿ (2 elements)
    - key: "@{leaf.unknown}"
    - value: DynamicObject.empty
