▿ 1 key/value pair
  ▿ (2 elements)
    - key: "contexta"
    ▿ value: Observable<Context>
      - observers: 0 elements
      ▿ value: Context
        - id: "contexta"
        ▿ value: DynamicObject
          ▿ dictionary: 1 key/value pair
            ▿ (2 elements)
              - key: "a"
              ▿ value: DynamicObject
                - string: "b"
