▿ Navigate
  - _beagleAction_: "beagle:pushview"
  - analytics: Optional<ActionAnalyticsConfig>.none
  ▿ route: Route
    - fallback: Optional<Screen>.none
    - httpAdditionalData: Optional<HttpAdditionalData>.none
    - shouldPrefetch: Optional<Bool>.none
    ▿ url: Expression<String>
      ▿ expression: ContextExpression
        ▿ single: SingleExpression
          ▿ value: Value
            ▿ binding: Binding
              - context: "test"
              ▿ path: Path
                - nodes: 0 elements
