▿ Navigate
  - _beagleAction_: "beagle:pushview"
  - analytics: Optional<ActionAnalyticsConfig>.none
  ▿ route: Route
    - fallback: Optional<Screen>.none
    ▿ httpAdditionalData: Optional<HttpAdditionalData>
      ▿ some: HttpAdditionalData
        ▿ body: Optional<DynamicObject>
          - some: [confirmPassword: password, email: john@email.com, name: John, password: password]
        ▿ headers: Optional<Dictionary<String, String>>
          ▿ some: 1 key/value pair
            ▿ (2 elements)
              - key: "test"
              - value: "test"
        ▿ method: Optional<HTTPMethod>
          - some: HTTPMethod.post
    ▿ shouldPrefetch: Optional<Bool>
      - some: false
    ▿ url: Expression<String>
      - value: "http://localhost:8080/test/example"
