â–¿ UnitValue
  - type: UnitType.real
  - value: 10.0
