▿ 10 elements
  ▿ Optional<String>
    - some: "client"
  ▿ Optional<String>
    - some: "client2.name"
  ▿ Optional<String>
    - some: "2client.phones[0]"
  ▿ Optional<String>
    - some: "client_[2].matrix[1][1]"
  ▿ Optional<String>
    - some: "[2]"
  ▿ Optional<String>
    - some: "[2][2]"
  - Optional<String>.none
  - Optional<String>.none
  - Optional<String>.none
  - Optional<String>.none
