▿ 10 elements
  ▿ Optional<Path>
    ▿ some: Path
      ▿ nodes: 1 element
        ▿ Node
          - key: "client"
  ▿ Optional<Path>
    ▿ some: Path
      ▿ nodes: 2 elements
        ▿ Node
          - key: "client2"
        ▿ Node
          - key: "name"
  ▿ Optional<Path>
    ▿ some: Path
      ▿ nodes: 3 elements
        ▿ Node
          - key: "2client"
        ▿ Node
          - key: "phones"
        ▿ Node
          - index: 0
  ▿ Optional<Path>
    ▿ some: Path
      ▿ nodes: 5 elements
        ▿ Node
          - key: "client_"
        ▿ Node
          - index: 2
        ▿ Node
          - key: "matrix"
        ▿ Node
          - index: 1
        ▿ Node
          - index: 1
  ▿ Optional<Path>
    ▿ some: Path
      ▿ nodes: 1 element
        ▿ Node
          - index: 2
  ▿ Optional<Path>
    ▿ some: Path
      ▿ nodes: 2 elements
        ▿ Node
          - index: 2
        ▿ Node
          - index: 2
  - Optional<Path>.none
  - Optional<Path>.none
  - Optional<Path>.none
  - Optional<Path>.none
