▿ DynamicObject
  ▿ array: 5 elements
    - DynamicObject.empty
    - DynamicObject.empty
    - DynamicObject.empty
    - DynamicObject.empty
    ▿ DynamicObject
      - string: "update"
