▿ 20 elements
  ▿ 
    - testNumber: 1
    ▿ parameters: Parameters
      - data: Optional<RemoteScreenAdditionalData>.none
      - requestType: RequestType.fetchComponent
      - url: scheme://baseUrl/
    ▿ result: scheme://baseUrl/
      ▿ url: Optional<URL>
        - some: scheme://baseUrl/
      - cachePolicy: 4
      - timeoutInterval: 100.0
      - mainDocumentURL: Optional<URL>.none
      - networkServiceType: NSURLRequestNetworkServiceType.NSURLRequestNetworkServiceType
      - allowsCellularAccess: true
      ▿ httpMethod: Optional<String>
        - some: "GET"
      ▿ allHTTPHeaderFields: Optional<Dictionary<String, String>>
        ▿ some: 1 key/value pair
          ▿ (2 elements)
            - key: "Content-Type"
            - value: "application/json"
      - httpBody: Optional<Data>.none
      - httpBodyStream: Optional<NSInputStream>.none
      - httpShouldHandleCookies: true
      - httpShouldUsePipelining: false
  ▿ 
    - testNumber: 2
    ▿ parameters: Parameters
      ▿ data: Optional<RemoteScreenAdditionalData>
        ▿ some: HttpAdditionalData
          ▿ headers: 1 key/value pair
            ▿ (2 elements)
              - key: "header"
              - value: "header"
          ▿ httpData: Optional<HttpData>
            ▿ some: HttpData
              - body: 0 bytes
              - method: Method.POST
      - requestType: RequestType.fetchComponent
      - url: scheme://baseUrl/
    ▿ result: scheme://baseUrl/
      ▿ url: Optional<URL>
        - some: scheme://baseUrl/
      - cachePolicy: 4
      - timeoutInterval: 100.0
      - mainDocumentURL: Optional<URL>.none
      - networkServiceType: NSURLRequestNetworkServiceType.NSURLRequestNetworkServiceType
      - allowsCellularAccess: true
      ▿ httpMethod: Optional<String>
        - some: "POST"
      ▿ allHTTPHeaderFields: Optional<Dictionary<String, String>>
        ▿ some: 2 key/value pairs
          ▿ (2 elements)
            - key: "Content-Type"
            - value: "application/json"
          ▿ (2 elements)
            - key: "header"
            - value: "header"
      ▿ httpBody: Optional<Data>
        - some: 0 bytes
      - httpBodyStream: Optional<NSInputStream>.none
      - httpShouldHandleCookies: true
      - httpShouldUsePipelining: false
  ▿ 
    - testNumber: 3
    ▿ parameters: Parameters
      - data: Optional<RemoteScreenAdditionalData>.none
      - requestType: RequestType.fetchImage
      - url: scheme://baseUrl/
    ▿ result: scheme://baseUrl/
      ▿ url: Optional<URL>
        - some: scheme://baseUrl/
      - cachePolicy: 4
      - timeoutInterval: 100.0
      - mainDocumentURL: Optional<URL>.none
      - networkServiceType: NSURLRequestNetworkServiceType.NSURLRequestNetworkServiceType
      - allowsCellularAccess: true
      ▿ httpMethod: Optional<String>
        - some: "GET"
      ▿ allHTTPHeaderFields: Optional<Dictionary<String, String>>
        ▿ some: 1 key/value pair
          ▿ (2 elements)
            - key: "Content-Type"
            - value: "application/json"
      - httpBody: Optional<Data>.none
      - httpBodyStream: Optional<NSInputStream>.none
      - httpShouldHandleCookies: true
      - httpShouldUsePipelining: false
  ▿ 
    - testNumber: 4
    ▿ parameters: Parameters
      ▿ data: Optional<RemoteScreenAdditionalData>
        ▿ some: HttpAdditionalData
          ▿ headers: 1 key/value pair
            ▿ (2 elements)
              - key: "header"
              - value: "header"
          ▿ httpData: Optional<HttpData>
            ▿ some: HttpData
              - body: 0 bytes
              - method: Method.POST
      - requestType: RequestType.fetchImage
      - url: scheme://baseUrl/
    ▿ result: scheme://baseUrl/
      ▿ url: Optional<URL>
        - some: scheme://baseUrl/
      - cachePolicy: 4
      - timeoutInterval: 100.0
      - mainDocumentURL: Optional<URL>.none
      - networkServiceType: NSURLRequestNetworkServiceType.NSURLRequestNetworkServiceType
      - allowsCellularAccess: true
      ▿ httpMethod: Optional<String>
        - some: "POST"
      ▿ allHTTPHeaderFields: Optional<Dictionary<String, String>>
        ▿ some: 2 key/value pairs
          ▿ (2 elements)
            - key: "Content-Type"
            - value: "application/json"
          ▿ (2 elements)
            - key: "header"
            - value: "header"
      ▿ httpBody: Optional<Data>
        - some: 0 bytes
      - httpBodyStream: Optional<NSInputStream>.none
      - httpShouldHandleCookies: true
      - httpShouldUsePipelining: false
  ▿ 
    - testNumber: 5
    ▿ parameters: Parameters
      - data: Optional<RemoteScreenAdditionalData>.none
      ▿ requestType: RequestType
        ▿ submitForm: FormData
          - method: Method.get
          ▿ values: 1 key/value pair
            ▿ (2 elements)
              - key: "key"
              - value: "value"
      - url: scheme://baseUrl/
    ▿ result: scheme://baseUrl/
      ▿ url: Optional<URL>
        - some: scheme://baseUrl/
      - cachePolicy: 4
      - timeoutInterval: 100.0
      - mainDocumentURL: Optional<URL>.none
      - networkServiceType: NSURLRequestNetworkServiceType.NSURLRequestNetworkServiceType
      - allowsCellularAccess: true
      ▿ httpMethod: Optional<String>
        - some: "GET"
      ▿ allHTTPHeaderFields: Optional<Dictionary<String, String>>
        ▿ some: 1 key/value pair
          ▿ (2 elements)
            - key: "Content-Type"
            - value: "application/json"
      - httpBody: Optional<Data>.none
      - httpBodyStream: Optional<NSInputStream>.none
      - httpShouldHandleCookies: true
      - httpShouldUsePipelining: false
  ▿ 
    - testNumber: 6
    ▿ parameters: Parameters
      ▿ data: Optional<RemoteScreenAdditionalData>
        ▿ some: HttpAdditionalData
          ▿ headers: 1 key/value pair
            ▿ (2 elements)
              - key: "header"
              - value: "header"
          ▿ httpData: Optional<HttpData>
            ▿ some: HttpData
              - body: 0 bytes
              - method: Method.POST
      ▿ requestType: RequestType
        ▿ submitForm: FormData
          - method: Method.get
          ▿ values: 1 key/value pair
            ▿ (2 elements)
              - key: "key"
              - value: "value"
      - url: scheme://baseUrl/
    ▿ result: scheme://baseUrl/
      ▿ url: Optional<URL>
        - some: scheme://baseUrl/
      - cachePolicy: 4
      - timeoutInterval: 100.0
      - mainDocumentURL: Optional<URL>.none
      - networkServiceType: NSURLRequestNetworkServiceType.NSURLRequestNetworkServiceType
      - allowsCellularAccess: true
      ▿ httpMethod: Optional<String>
        - some: "GET"
      ▿ allHTTPHeaderFields: Optional<Dictionary<String, String>>
        ▿ some: 2 key/value pairs
          ▿ (2 elements)
            - key: "Content-Type"
            - value: "application/json"
          ▿ (2 elements)
            - key: "header"
            - value: "header"
      ▿ httpBody: Optional<Data>
        - some: 0 bytes
      - httpBodyStream: Optional<NSInputStream>.none
      - httpShouldHandleCookies: true
      - httpShouldUsePipelining: false
  ▿ 
    - testNumber: 7
    ▿ parameters: Parameters
      - data: Optional<RemoteScreenAdditionalData>.none
      ▿ requestType: RequestType
        ▿ submitForm: FormData
          - method: Method.get
          - values: 0 key/value pairs
      - url: scheme://baseUrl/
    ▿ result: scheme://baseUrl/
      ▿ url: Optional<URL>
        - some: scheme://baseUrl/
      - cachePolicy: 4
      - timeoutInterval: 100.0
      - mainDocumentURL: Optional<URL>.none
      - networkServiceType: NSURLRequestNetworkServiceType.NSURLRequestNetworkServiceType
      - allowsCellularAccess: true
      ▿ httpMethod: Optional<String>
        - some: "GET"
      ▿ allHTTPHeaderFields: Optional<Dictionary<String, String>>
        ▿ some: 1 key/value pair
          ▿ (2 elements)
            - key: "Content-Type"
            - value: "application/json"
      - httpBody: Optional<Data>.none
      - httpBodyStream: Optional<NSInputStream>.none
      - httpShouldHandleCookies: true
      - httpShouldUsePipelining: false
  ▿ 
    - testNumber: 8
    ▿ parameters: Parameters
      ▿ data: Optional<RemoteScreenAdditionalData>
        ▿ some: HttpAdditionalData
          ▿ headers: 1 key/value pair
            ▿ (2 elements)
              - key: "header"
              - value: "header"
          ▿ httpData: Optional<HttpData>
            ▿ some: HttpData
              - body: 0 bytes
              - method: Method.POST
      ▿ requestType: RequestType
        ▿ submitForm: FormData
          - method: Method.get
          - values: 0 key/value pairs
      - url: scheme://baseUrl/
    ▿ result: scheme://baseUrl/
      ▿ url: Optional<URL>
        - some: scheme://baseUrl/
      - cachePolicy: 4
      - timeoutInterval: 100.0
      - mainDocumentURL: Optional<URL>.none
      - networkServiceType: NSURLRequestNetworkServiceType.NSURLRequestNetworkServiceType
      - allowsCellularAccess: true
      ▿ httpMethod: Optional<String>
        - some: "GET"
      ▿ allHTTPHeaderFields: Optional<Dictionary<String, String>>
        ▿ some: 2 key/value pairs
          ▿ (2 elements)
            - key: "Content-Type"
            - value: "application/json"
          ▿ (2 elements)
            - key: "header"
            - value: "header"
      ▿ httpBody: Optional<Data>
        - some: 0 bytes
      - httpBodyStream: Optional<NSInputStream>.none
      - httpShouldHandleCookies: true
      - httpShouldUsePipelining: false
  ▿ 
    - testNumber: 9
    ▿ parameters: Parameters
      - data: Optional<RemoteScreenAdditionalData>.none
      ▿ requestType: RequestType
        ▿ submitForm: FormData
          - method: Method.post
          ▿ values: 1 key/value pair
            ▿ (2 elements)
              - key: "key"
              - value: "value"
      - url: scheme://baseUrl/
    ▿ result: scheme://baseUrl/
      ▿ url: Optional<URL>
        - some: scheme://baseUrl/
      - cachePolicy: 4
      - timeoutInterval: 100.0
      - mainDocumentURL: Optional<URL>.none
      - networkServiceType: NSURLRequestNetworkServiceType.NSURLRequestNetworkServiceType
      - allowsCellularAccess: true
      ▿ httpMethod: Optional<String>
        - some: "POST"
      ▿ allHTTPHeaderFields: Optional<Dictionary<String, String>>
        ▿ some: 1 key/value pair
          ▿ (2 elements)
            - key: "Content-Type"
            - value: "application/json"
      ▿ httpBody: Optional<Data>
        - some: 15 bytes
      - httpBodyStream: Optional<NSInputStream>.none
      - httpShouldHandleCookies: true
      - httpShouldUsePipelining: false
  ▿ 
    - testNumber: 10
    ▿ parameters: Parameters
      ▿ data: Optional<RemoteScreenAdditionalData>
        ▿ some: HttpAdditionalData
          ▿ headers: 1 key/value pair
            ▿ (2 elements)
              - key: "header"
              - value: "header"
          ▿ httpData: Optional<HttpData>
            ▿ some: HttpData
              - body: 0 bytes
              - method: Method.POST
      ▿ requestType: RequestType
        ▿ submitForm: FormData
          - method: Method.post
          ▿ values: 1 key/value pair
            ▿ (2 elements)
              - key: "key"
              - value: "value"
      - url: scheme://baseUrl/
    ▿ result: scheme://baseUrl/
      ▿ url: Optional<URL>
        - some: scheme://baseUrl/
      - cachePolicy: 4
      - timeoutInterval: 100.0
      - mainDocumentURL: Optional<URL>.none
      - networkServiceType: NSURLRequestNetworkServiceType.NSURLRequestNetworkServiceType
      - allowsCellularAccess: true
      ▿ httpMethod: Optional<String>
        - some: "POST"
      ▿ allHTTPHeaderFields: Optional<Dictionary<String, String>>
        ▿ some: 2 key/value pairs
          ▿ (2 elements)
            - key: "Content-Type"
            - value: "application/json"
          ▿ (2 elements)
            - key: "header"
            - value: "header"
      ▿ httpBody: Optional<Data>
        - some: 15 bytes
      - httpBodyStream: Optional<NSInputStream>.none
      - httpShouldHandleCookies: true
      - httpShouldUsePipelining: false
  ▿ 
    - testNumber: 11
    ▿ parameters: Parameters
      - data: Optional<RemoteScreenAdditionalData>.none
      ▿ requestType: RequestType
        ▿ submitForm: FormData
          - method: Method.post
          - values: 0 key/value pairs
      - url: scheme://baseUrl/
    ▿ result: scheme://baseUrl/
      ▿ url: Optional<URL>
        - some: scheme://baseUrl/
      - cachePolicy: 4
      - timeoutInterval: 100.0
      - mainDocumentURL: Optional<URL>.none
      - networkServiceType: NSURLRequestNetworkServiceType.NSURLRequestNetworkServiceType
      - allowsCellularAccess: true
      ▿ httpMethod: Optional<String>
        - some: "POST"
      ▿ allHTTPHeaderFields: Optional<Dictionary<String, String>>
        ▿ some: 1 key/value pair
          ▿ (2 elements)
            - key: "Content-Type"
            - value: "application/json"
      ▿ httpBody: Optional<Data>
        - some: 2 bytes
      - httpBodyStream: Optional<NSInputStream>.none
      - httpShouldHandleCookies: true
      - httpShouldUsePipelining: false
  ▿ 
    - testNumber: 12
    ▿ parameters: Parameters
      ▿ data: Optional<RemoteScreenAdditionalData>
        ▿ some: HttpAdditionalData
          ▿ headers: 1 key/value pair
            ▿ (2 elements)
              - key: "header"
              - value: "header"
          ▿ httpData: Optional<HttpData>
            ▿ some: HttpData
              - body: 0 bytes
              - method: Method.POST
      ▿ requestType: RequestType
        ▿ submitForm: FormData
          - method: Method.post
          - values: 0 key/value pairs
      - url: scheme://baseUrl/
    ▿ result: scheme://baseUrl/
      ▿ url: Optional<URL>
        - some: scheme://baseUrl/
      - cachePolicy: 4
      - timeoutInterval: 100.0
      - mainDocumentURL: Optional<URL>.none
      - networkServiceType: NSURLRequestNetworkServiceType.NSURLRequestNetworkServiceType
      - allowsCellularAccess: true
      ▿ httpMethod: Optional<String>
        - some: "POST"
      ▿ allHTTPHeaderFields: Optional<Dictionary<String, String>>
        ▿ some: 2 key/value pairs
          ▿ (2 elements)
            - key: "Content-Type"
            - value: "application/json"
          ▿ (2 elements)
            - key: "header"
            - value: "header"
      ▿ httpBody: Optional<Data>
        - some: 2 bytes
      - httpBodyStream: Optional<NSInputStream>.none
      - httpShouldHandleCookies: true
      - httpShouldUsePipelining: false
  ▿ 
    - testNumber: 13
    ▿ parameters: Parameters
      - data: Optional<RemoteScreenAdditionalData>.none
      ▿ requestType: RequestType
        ▿ submitForm: FormData
          - method: Method.put
          ▿ values: 1 key/value pair
            ▿ (2 elements)
              - key: "key"
              - value: "value"
      - url: scheme://baseUrl/
    ▿ result: scheme://baseUrl/
      ▿ url: Optional<URL>
        - some: scheme://baseUrl/
      - cachePolicy: 4
      - timeoutInterval: 100.0
      - mainDocumentURL: Optional<URL>.none
      - networkServiceType: NSURLRequestNetworkServiceType.NSURLRequestNetworkServiceType
      - allowsCellularAccess: true
      ▿ httpMethod: Optional<String>
        - some: "PUT"
      ▿ allHTTPHeaderFields: Optional<Dictionary<String, String>>
        ▿ some: 1 key/value pair
          ▿ (2 elements)
            - key: "Content-Type"
            - value: "application/json"
      ▿ httpBody: Optional<Data>
        - some: 15 bytes
      - httpBodyStream: Optional<NSInputStream>.none
      - httpShouldHandleCookies: true
      - httpShouldUsePipelining: false
  ▿ 
    - testNumber: 14
    ▿ parameters: Parameters
      ▿ data: Optional<RemoteScreenAdditionalData>
        ▿ some: HttpAdditionalData
          ▿ headers: 1 key/value pair
            ▿ (2 elements)
              - key: "header"
              - value: "header"
          ▿ httpData: Optional<HttpData>
            ▿ some: HttpData
              - body: 0 bytes
              - method: Method.POST
      ▿ requestType: RequestType
        ▿ submitForm: FormData
          - method: Method.put
          ▿ values: 1 key/value pair
            ▿ (2 elements)
              - key: "key"
              - value: "value"
      - url: scheme://baseUrl/
    ▿ result: scheme://baseUrl/
      ▿ url: Optional<URL>
        - some: scheme://baseUrl/
      - cachePolicy: 4
      - timeoutInterval: 100.0
      - mainDocumentURL: Optional<URL>.none
      - networkServiceType: NSURLRequestNetworkServiceType.NSURLRequestNetworkServiceType
      - allowsCellularAccess: true
      ▿ httpMethod: Optional<String>
        - some: "PUT"
      ▿ allHTTPHeaderFields: Optional<Dictionary<String, String>>
        ▿ some: 2 key/value pairs
          ▿ (2 elements)
            - key: "Content-Type"
            - value: "application/json"
          ▿ (2 elements)
            - key: "header"
            - value: "header"
      ▿ httpBody: Optional<Data>
        - some: 15 bytes
      - httpBodyStream: Optional<NSInputStream>.none
      - httpShouldHandleCookies: true
      - httpShouldUsePipelining: false
  ▿ 
    - testNumber: 15
    ▿ parameters: Parameters
      - data: Optional<RemoteScreenAdditionalData>.none
      ▿ requestType: RequestType
        ▿ submitForm: FormData
          - method: Method.put
          - values: 0 key/value pairs
      - url: scheme://baseUrl/
    ▿ result: scheme://baseUrl/
      ▿ url: Optional<URL>
        - some: scheme://baseUrl/
      - cachePolicy: 4
      - timeoutInterval: 100.0
      - mainDocumentURL: Optional<URL>.none
      - networkServiceType: NSURLRequestNetworkServiceType.NSURLRequestNetworkServiceType
      - allowsCellularAccess: true
      ▿ httpMethod: Optional<String>
        - some: "PUT"
      ▿ allHTTPHeaderFields: Optional<Dictionary<String, String>>
        ▿ some: 1 key/value pair
          ▿ (2 elements)
            - key: "Content-Type"
            - value: "application/json"
      ▿ httpBody: Optional<Data>
        - some: 2 bytes
      - httpBodyStream: Optional<NSInputStream>.none
      - httpShouldHandleCookies: true
      - httpShouldUsePipelining: false
  ▿ 
    - testNumber: 16
    ▿ parameters: Parameters
      ▿ data: Optional<RemoteScreenAdditionalData>
        ▿ some: HttpAdditionalData
          ▿ headers: 1 key/value pair
            ▿ (2 elements)
              - key: "header"
              - value: "header"
          ▿ httpData: Optional<HttpData>
            ▿ some: HttpData
              - body: 0 bytes
              - method: Method.POST
      ▿ requestType: RequestType
        ▿ submitForm: FormData
          - method: Method.put
          - values: 0 key/value pairs
      - url: scheme://baseUrl/
    ▿ result: scheme://baseUrl/
      ▿ url: Optional<URL>
        - some: scheme://baseUrl/
      - cachePolicy: 4
      - timeoutInterval: 100.0
      - mainDocumentURL: Optional<URL>.none
      - networkServiceType: NSURLRequestNetworkServiceType.NSURLRequestNetworkServiceType
      - allowsCellularAccess: true
      ▿ httpMethod: Optional<String>
        - some: "PUT"
      ▿ allHTTPHeaderFields: Optional<Dictionary<String, String>>
        ▿ some: 2 key/value pairs
          ▿ (2 elements)
            - key: "Content-Type"
            - value: "application/json"
          ▿ (2 elements)
            - key: "header"
            - value: "header"
      ▿ httpBody: Optional<Data>
        - some: 2 bytes
      - httpBodyStream: Optional<NSInputStream>.none
      - httpShouldHandleCookies: true
      - httpShouldUsePipelining: false
  ▿ 
    - testNumber: 17
    ▿ parameters: Parameters
      - data: Optional<RemoteScreenAdditionalData>.none
      ▿ requestType: RequestType
        ▿ submitForm: FormData
          - method: Method.delete
          ▿ values: 1 key/value pair
            ▿ (2 elements)
              - key: "key"
              - value: "value"
      - url: scheme://baseUrl/
    ▿ result: scheme://baseUrl/
      ▿ url: Optional<URL>
        - some: scheme://baseUrl/
      - cachePolicy: 4
      - timeoutInterval: 100.0
      - mainDocumentURL: Optional<URL>.none
      - networkServiceType: NSURLRequestNetworkServiceType.NSURLRequestNetworkServiceType
      - allowsCellularAccess: true
      ▿ httpMethod: Optional<String>
        - some: "DELETE"
      ▿ allHTTPHeaderFields: Optional<Dictionary<String, String>>
        ▿ some: 1 key/value pair
          ▿ (2 elements)
            - key: "Content-Type"
            - value: "application/json"
      - httpBody: Optional<Data>.none
      - httpBodyStream: Optional<NSInputStream>.none
      - httpShouldHandleCookies: true
      - httpShouldUsePipelining: false
  ▿ 
    - testNumber: 18
    ▿ parameters: Parameters
      ▿ data: Optional<RemoteScreenAdditionalData>
        ▿ some: HttpAdditionalData
          ▿ headers: 1 key/value pair
            ▿ (2 elements)
              - key: "header"
              - value: "header"
          ▿ httpData: Optional<HttpData>
            ▿ some: HttpData
              - body: 0 bytes
              - method: Method.POST
      ▿ requestType: RequestType
        ▿ submitForm: FormData
          - method: Method.delete
          ▿ values: 1 key/value pair
            ▿ (2 elements)
              - key: "key"
              - value: "value"
      - url: scheme://baseUrl/
    ▿ result: scheme://baseUrl/
      ▿ url: Optional<URL>
        - some: scheme://baseUrl/
      - cachePolicy: 4
      - timeoutInterval: 100.0
      - mainDocumentURL: Optional<URL>.none
      - networkServiceType: NSURLRequestNetworkServiceType.NSURLRequestNetworkServiceType
      - allowsCellularAccess: true
      ▿ httpMethod: Optional<String>
        - some: "DELETE"
      ▿ allHTTPHeaderFields: Optional<Dictionary<String, String>>
        ▿ some: 2 key/value pairs
          ▿ (2 elements)
            - key: "Content-Type"
            - value: "application/json"
          ▿ (2 elements)
            - key: "header"
            - value: "header"
      ▿ httpBody: Optional<Data>
        - some: 0 bytes
      - httpBodyStream: Optional<NSInputStream>.none
      - httpShouldHandleCookies: true
      - httpShouldUsePipelining: false
  ▿ 
    - testNumber: 19
    ▿ parameters: Parameters
      - data: Optional<RemoteScreenAdditionalData>.none
      ▿ requestType: RequestType
        ▿ submitForm: FormData
          - method: Method.delete
          - values: 0 key/value pairs
      - url: scheme://baseUrl/
    ▿ result: scheme://baseUrl/
      ▿ url: Optional<URL>
        - some: scheme://baseUrl/
      - cachePolicy: 4
      - timeoutInterval: 100.0
      - mainDocumentURL: Optional<URL>.none
      - networkServiceType: NSURLRequestNetworkServiceType.NSURLRequestNetworkServiceType
      - allowsCellularAccess: true
      ▿ httpMethod: Optional<String>
        - some: "DELETE"
      ▿ allHTTPHeaderFields: Optional<Dictionary<String, String>>
        ▿ some: 1 key/value pair
          ▿ (2 elements)
            - key: "Content-Type"
            - value: "application/json"
      - httpBody: Optional<Data>.none
      - httpBodyStream: Optional<NSInputStream>.none
      - httpShouldHandleCookies: true
      - httpShouldUsePipelining: false
  ▿ 
    - testNumber: 20
    ▿ parameters: Parameters
      ▿ data: Optional<RemoteScreenAdditionalData>
        ▿ some: HttpAdditionalData
          ▿ headers: 1 key/value pair
            ▿ (2 elements)
              - key: "header"
              - value: "header"
          ▿ httpData: Optional<HttpData>
            ▿ some: HttpData
              - body: 0 bytes
              - method: Method.POST
      ▿ requestType: RequestType
        ▿ submitForm: FormData
          - method: Method.delete
          - values: 0 key/value pairs
      - url: scheme://baseUrl/
    ▿ result: scheme://baseUrl/
      ▿ url: Optional<URL>
        - some: scheme://baseUrl/
      - cachePolicy: 4
      - timeoutInterval: 100.0
      - mainDocumentURL: Optional<URL>.none
      - networkServiceType: NSURLRequestNetworkServiceType.NSURLRequestNetworkServiceType
      - allowsCellularAccess: true
      ▿ httpMethod: Optional<String>
        - some: "DELETE"
      ▿ allHTTPHeaderFields: Optional<Dictionary<String, String>>
        ▿ some: 2 key/value pairs
          ▿ (2 elements)
            - key: "Content-Type"
            - value: "application/json"
          ▿ (2 elements)
            - key: "header"
            - value: "header"
      ▿ httpBody: Optional<Data>
        - some: 0 bytes
      - httpBodyStream: Optional<NSInputStream>.none
      - httpShouldHandleCookies: true
      - httpShouldUsePipelining: false
