▿ WebView
  ▿ flex: Optional<Flex>
    ▿ some: Flex
      - alignContent: Optional<AlignContent>.none
      - alignItems: Optional<AlignItems>.none
      - alignSelf: Optional<AlignSelf>.none
      - basis: Optional<UnitValue>.none
      - display: Optional<Display>.none
      - flex: Optional<Double>.none
      - flexDirection: Optional<FlexDirection>.none
      - flexWrap: Optional<Wrap>.none
      ▿ grow: Optional<Double>
        - some: 1.0
      - justifyContent: Optional<JustifyContent>.none
      - margin: Optional<EdgeValue>.none
      - padding: Optional<EdgeValue>.none
      - position: Optional<EdgeValue>.none
      - positionType: Optional<PositionType>.none
      - shrink: Optional<Double>.none
      - size: Optional<Size>.none
  - url: "https://maps.google.com/"
