▿ Optional<Dictionary<String, Observable<Context>>>
  ▿ some: 1 key/value pair
    ▿ (2 elements)
      - key: "global"
      ▿ value: Observable<Context>
        - _observers: 0 elements
        ▿ value: Context
          - id: "global"
          ▿ value: DynamicObject
            - string: "Second value"
