▿ Touchable
  - action: Navigate.popView
  ▿ child: Text
    - alignment: Optional<Alignment>.none
    - style: Optional<String>.none
    - text: "touchable"
    - textColor: Optional<String>.none
    ▿ widgetProperties: WidgetProperties
      - accessibility: Optional<Accessibility>.none
      - appearance: Optional<Appearance>.none
      - flex: Optional<Flex>.none
      - id: Optional<String>.none
  - clickAnalyticsEvent: Optional<AnalyticsClick>.none
