▿ Flex
  ▿ alignContent: Optional<AlignContent>
    - some: AlignContent.center
  ▿ alignItems: Optional<AlignItems>
    - some: AlignItems.center
  ▿ alignSelf: Optional<AlignSelf>
    - some: AlignSelf.center
  ▿ basis: Optional<UnitValue>
    ▿ some: UnitValue
      - type: UnitType.real
      - value: 10.0
  ▿ direction: Optional<Direction>
    - some: Direction.ltr
  - display: Optional<Display>.none
  - flex: Optional<Double>.none
  ▿ flexDirection: Optional<FlexDirection>
    - some: FlexDirection.column
  ▿ flexWrap: Optional<Wrap>
    - some: Wrap.noWrap
  - grow: Optional<Double>.none
  ▿ justifyContent: Optional<JustifyContent>
    - some: JustifyContent.spaceBetween
  - margin: Optional<EdgeValue>.none
  - padding: Optional<EdgeValue>.none
  - position: Optional<EdgeValue>.none
  - positionType: Optional<PositionType>.none
  - shrink: Optional<Double>.none
  - size: Optional<Size>.none
