▿ 3 elements
  - ServerDrivenState.started
  ▿ ServerDrivenState
    ▿ error: (2 elements)
      ▿ .0: Error
        - action: Error Domain=tests Code=1 "FormLocalAction" UserInfo={NSLocalizedDescription=FormLocalAction}
      - .1: (Function)
  - ServerDrivenState.success
