▿ ScreenComponent
  ▿ child: Container
    ▿ children: 1 element
      ▿ Text
        ▿ alignment: Optional<Expression<Alignment>>
          ▿ some: Expression<Alignment>
            - value: Alignment.center
        - styleId: Optional<String>.none
        ▿ text: Expression<String>
          - value: "BeaglePreview"
        - textColor: Optional<Expression<String>>.none
        ▿ widgetProperties: WidgetProperties
          - accessibility: Optional<Accessibility>.none
          - id: Optional<String>.none
          ▿ style: Optional<Style>
            ▿ some: Style
              - backgroundColor: Optional<String>.none
              - borderColor: Optional<String>.none
              - borderWidth: Optional<Double>.none
              - cornerRadius: Optional<CornerRadius>.none
              - display: Optional<Expression<Display>>.none
              - flex: Optional<Flex>.none
              - margin: Optional<EdgeValue>.none
              - padding: Optional<EdgeValue>.none
              - position: Optional<EdgeValue>.none
              - positionType: Optional<PositionType>.none
              ▿ size: Optional<Size>
                ▿ some: Size
                  - aspectRatio: Optional<Double>.none
                  ▿ height: Optional<UnitValue>
                    ▿ some: UnitValue
                      - type: UnitType.real
                      - value: 44.0
                  - maxHeight: Optional<UnitValue>.none
                  - maxWidth: Optional<UnitValue>.none
                  - minHeight: Optional<UnitValue>.none
                  - minWidth: Optional<UnitValue>.none
                  ▿ width: Optional<UnitValue>
                    ▿ some: UnitValue
                      - type: UnitType.percent
                      - value: 100.0
    - context: Optional<Context>.none
    - onInit: Optional<Array<Action>>.none
    ▿ widgetProperties: WidgetProperties
      - accessibility: Optional<Accessibility>.none
      - id: Optional<String>.none
      - style: Optional<Style>.none
  - context: Optional<Context>.none
  - identifier: Optional<String>.none
  - navigationBar: Optional<NavigationBar>.none
  - safeArea: Optional<SafeArea>.none
  ▿ screenAnalyticsEvent: Optional<AnalyticsScreen>
    ▿ some: AnalyticsScreen
      - screenName: "name from BFF"
  - style: Optional<Style>.none
