▿ ListView
  - context: Optional<Context>.none
  ▿ dataSource: Expression<Array<DynamicObject>>
    ▿ value: 1 element
      - 
  ▿ direction: Optional<Direction>
    - some: Direction.vertical
  - isScrollIndicatorVisible: Optional<Bool>.none
  ▿ iteratorName: Optional<String>
    - some: "main"
  - key: Optional<String>.none
  - onInit: Optional<Array<Action>>.none
  - onScrollEnd: Optional<Array<Action>>.none
  - scrollEndThreshold: Optional<Int>.none
  ▿ templates: 1 element
    ▿ Template
      - case: Optional<Expression<Bool>>.none
      ▿ view: Container
        ▿ children: Optional<Array<ServerDrivenComponent>>
          - some: 0 elements
        - context: Optional<Context>.none
        - onInit: Optional<Array<Action>>.none
        - styleId: Optional<String>.none
        ▿ widgetProperties: WidgetProperties
          - accessibility: Optional<Accessibility>.none
          - id: Optional<String>.none
          ▿ style: Optional<Style>
            ▿ some: Style
              - backgroundColor: Optional<String>.none
              - borderColor: Optional<String>.none
              - borderWidth: Optional<Double>.none
              - cornerRadius: Optional<CornerRadius>.none
              - display: Optional<Expression<Display>>.none
              ▿ flex: Optional<Flex>
                ▿ some: Flex
                  - alignContent: Optional<AlignContent>.none
                  - alignItems: Optional<AlignItems>.none
                  - alignSelf: Optional<AlignSelf>.none
                  - basis: Optional<UnitValue>.none
                  - flex: Optional<Double>.none
                  ▿ flexDirection: Optional<FlexDirection>
                    - some: FlexDirection.column
                  - flexWrap: Optional<Wrap>.none
                  - grow: Optional<Double>.none
                  - justifyContent: Optional<JustifyContent>.none
                  - shrink: Optional<Double>.none
              - margin: Optional<EdgeValue>.none
              - padding: Optional<EdgeValue>.none
              - position: Optional<EdgeValue>.none
              - positionType: Optional<PositionType>.none
              - size: Optional<Size>.none
  ▿ widgetProperties: WidgetProperties
    - accessibility: Optional<Accessibility>.none
    - id: Optional<String>.none
    ▿ style: Optional<Style>
      ▿ some: Style
        - backgroundColor: Optional<String>.none
        - borderColor: Optional<String>.none
        - borderWidth: Optional<Double>.none
        - cornerRadius: Optional<CornerRadius>.none
        - display: Optional<Expression<Display>>.none
        - flex: Optional<Flex>.none
        - margin: Optional<EdgeValue>.none
        - padding: Optional<EdgeValue>.none
        - position: Optional<EdgeValue>.none
        - positionType: Optional<PositionType>.none
        - size: Optional<Size>.none
