▿ DynamicObject
  ▿ dictionary: 3 key/value pairs
    ▿ (2 elements)
      - key: "a"
      ▿ value: DynamicObject
        - string: "update"
    ▿ (2 elements)
      - key: "b"
      ▿ value: DynamicObject
        - string: "update"
    ▿ (2 elements)
      - key: "c"
      ▿ value: DynamicObject
        ▿ array: 2 elements
          ▿ DynamicObject
            - string: "1"
          ▿ DynamicObject
            - string: "2"
