{
  "condition" : true,
  "onFalse" : [
    {
      "message" : "Hello beagle"
    }
  ],
  "onTrue" : [
    {
      "message" : "Hello beagle"
    }
  ]
}