Optional(Beagle.Log.navigation(Beagle.Log.Navigator.invalidExternalUrl(path: "")))