▿ Navigate
  - _beagleAction_: "beagle:pushview"
  - analytics: Optional<ActionAnalyticsConfig>.none
  ▿ route: Route
    - fallback: Optional<Screen>.none
    ▿ httpAdditionalData: Optional<HttpAdditionalData>
      ▿ some: HttpAdditionalData
        ▿ body: Optional<Data>
          - some: 3 bytes
        ▿ headers: 1 key/value pair
          ▿ (2 elements)
            - key: "test"
            - value: "test"
        - httpData: Optional<HttpData>.none
        ▿ method: Optional<HTTPMethod>
          - some: HTTPMethod.post
    - shouldPrefetch: false
    ▿ url: Expression<String>
      - value: "http://localhost:8080/test/example"
