{
  "path" : "b",
  "result" : {
    "a" : "default",
    "b" : "UPDATED",
    "c" : [
      1,
      2
    ],
    "d" : [
      {
        "code" : "123",
        "name" : "John"
      },
      {
        "code" : "321",
        "name" : "Doe"
      }
    ]
  }
}