▿ Text
  ▿ alignment: Optional<Alignment>
    - some: Alignment.right
  ▿ style: Optional<String>
    - some: "test.text.style"
  - text: "Lorem ipsum dolor sit amet, consectetur adipiscing elit."
  ▿ textColor: Optional<String>
    - some: "579F2B"
  ▿ widgetProperties: WidgetProperties
    - accessibility: Optional<Accessibility>.none
    ▿ appearance: Optional<Appearance>
      ▿ some: Appearance
        ▿ backgroundColor: Optional<String>
          - some: "#FFFF00"
        ▿ cornerRadius: Optional<CornerRadius>
          ▿ some: CornerRadius
            - radius: 30.0
    - flex: Optional<Flex>.none
    - id: Optional<String>.none
