▿ LazyComponent
  ▿ initialState: Text
    - alignment: Optional<Alignment>.none
    - styleId: Optional<String>.none
    ▿ text: Expression<String>
      - value: "text1"
    - textColor: Optional<String>.none
    ▿ widgetProperties: WidgetProperties
      - accessibility: Optional<Accessibility>.none
      - flex: Optional<Flex>.none
      - id: Optional<String>.none
      - style: Optional<Style>.none
  - path: "/path"
