▿ 18 key/value pairs
  ▿ (2 elements)
    - key: "beagle:button"
    - value: Button
  ▿ (2 elements)
    - key: "beagle:container"
    - value: Container
  ▿ (2 elements)
    - key: "beagle:form"
    - value: Form
  ▿ (2 elements)
    - key: "beagle:forminput"
    - value: FormInput
  ▿ (2 elements)
    - key: "beagle:formsubmit"
    - value: FormSubmit
  ▿ (2 elements)
    - key: "beagle:image"
    - value: Image
  ▿ (2 elements)
    - key: "beagle:lazycomponent"
    - value: LazyComponent
  ▿ (2 elements)
    - key: "beagle:listview"
    - value: ListView
  ▿ (2 elements)
    - key: "beagle:networkimage"
    - value: NetworkImage
  ▿ (2 elements)
    - key: "beagle:pageindicator"
    - value: PageIndicator
  ▿ (2 elements)
    - key: "beagle:pageview"
    - value: PageView
  ▿ (2 elements)
    - key: "beagle:screencomponent"
    - value: ScreenComponent
  ▿ (2 elements)
    - key: "beagle:scrollview"
    - value: ScrollView
  ▿ (2 elements)
    - key: "beagle:spacer"
    - value: Spacer
  ▿ (2 elements)
    - key: "beagle:tabview"
    - value: TabView
  ▿ (2 elements)
    - key: "beagle:text"
    - value: Text
  ▿ (2 elements)
    - key: "beagle:touchable"
    - value: Touchable
  ▿ (2 elements)
    - key: "beagle:webview"
    - value: WebView
