{
  "beagleAction" : "beagle:condition",
  "component" : {
    "id" : "test-component-id",
    "position" : {
      "x" : 0,
      "y" : 0
    },
    "type" : "custom:analyticstestcomponent"
  },
  "condition" : true,
  "onFalse" : [
    {
      "message" : "False"
    }
  ],
  "onTrue" : [
    {
      "message" : "True"
    }
  ],
  "platform" : "ios",
  "screen" : "analytics-actions",
  "type" : "action"
}