{
  "beagleAction" : "beagle:addchildren",
  "component" : {
    "id" : "test-component-id",
    "position" : {
      "x" : 0,
      "y" : 0
    },
    "type" : "custom:analyticstestcomponent"
  },
  "componentId" : "my-component",
  "mode" : "APPEND",
  "platform" : "ios",
  "screen" : "analytics-actions",
  "type" : "action",
  "value" : [
    {
      "text" : "Appended text."
    }
  ]
}