[
  {
    "beagleAction" : "beagle:popview",
    "component" : {
      "id" : "test-component-id",
      "position" : {
        "x" : 0,
        "y" : 0
      },
      "type" : "custom:analyticstestcomponent"
    },
    "platform" : "ios",
    "screen" : "analytics-actions",
    "type" : "action"
  }
]