[
  {
    "platform" : "ios",
    "screenId" : "DECLARATIVE",
    "type" : "screen"
  }
]