▿ ScreenComponent
  - appearance: Optional<Appearance>.none
  ▿ child: Text
    - alignment: Optional<Alignment>.none
    - style: Optional<String>.none
    - text: "child"
    - textColor: Optional<String>.none
    ▿ widgetProperties: WidgetProperties
      - accessibility: Optional<Accessibility>.none
      - appearance: Optional<Appearance>.none
      - flex: Optional<Flex>.none
      - id: Optional<String>.none
  - identifier: Optional<String>.none
  ▿ navigationBar: Optional<NavigationBar>
    ▿ some: NavigationBar
      - backButtonAccessibility: Optional<Accessibility>.none
      ▿ navigationBarItems: Optional<Array<NavigationBarItem>>
        ▿ some: 1 element
          ▿ NavigationBarItem
            - accessibility: Optional<Accessibility>.none
            ▿ action: ShowNativeDialog
              - buttonText: "OK"
              - message: "A formSubmit component will define a submit handler in a form."
              - title: "Form"
            - id: Optional<String>.none
            ▿ image: Optional<String>
              - some: "informationImage"
            - text: ""
      ▿ showBackButton: Optional<Bool>
        - some: true
      - style: Optional<String>.none
      - title: "Form"
  - safeArea: Optional<SafeArea>.none
  - screenAnalyticsEvent: Optional<AnalyticsScreen>.none
