  openExternalURL("http://localhost")  -->  NULL 

  openNativeRoute("path", data: nil, shouldResetApplication: false)  -->  NULL 

  openNativeRoute("path", data: Optional(["data": "value"]), shouldResetApplication: false)  -->  NULL 

  resetApplication(BeagleSchema.Route.declarative(BeagleSchema.Screen(id: nil, style: nil, safeArea: nil, navigationBar: nil, screenAnalyticsEvent: nil, child: BeagleSchema.Container(children: [], widgetProperties: BeagleSchema.WidgetProperties(id: nil, style: nil, flex: nil, accessibility: nil)))))  -->  NULL 

  resetApplication(BeagleSchema.Route.remote("path", shouldPrefetch: true, fallback: nil))  -->  NewPath(route: "path", shouldPrefetch: true, fallback: nil) 

  resetApplication(BeagleSchema.Route.remote("path", shouldPrefetch: false, fallback: nil))  -->  NewPath(route: "path", shouldPrefetch: false, fallback: nil) 

  resetStack(BeagleSchema.Route.declarative(BeagleSchema.Screen(id: nil, style: nil, safeArea: nil, navigationBar: nil, screenAnalyticsEvent: nil, child: BeagleSchema.Container(children: [], widgetProperties: BeagleSchema.WidgetProperties(id: nil, style: nil, flex: nil, accessibility: nil)))))  -->  NULL 

  resetStack(BeagleSchema.Route.remote("path", shouldPrefetch: true, fallback: nil))  -->  NewPath(route: "path", shouldPrefetch: true, fallback: nil) 

  resetStack(BeagleSchema.Route.remote("path", shouldPrefetch: false, fallback: nil))  -->  NewPath(route: "path", shouldPrefetch: false, fallback: nil) 

  pushStack(BeagleSchema.Route.declarative(BeagleSchema.Screen(id: nil, style: nil, safeArea: nil, navigationBar: nil, screenAnalyticsEvent: nil, child: BeagleSchema.Container(children: [], widgetProperties: BeagleSchema.WidgetProperties(id: nil, style: nil, flex: nil, accessibility: nil)))))  -->  NULL 

  pushStack(BeagleSchema.Route.remote("path", shouldPrefetch: true, fallback: nil))  -->  NewPath(route: "path", shouldPrefetch: true, fallback: nil) 

  pushStack(BeagleSchema.Route.remote("path", shouldPrefetch: false, fallback: nil))  -->  NewPath(route: "path", shouldPrefetch: false, fallback: nil) 

  pushView(BeagleSchema.Route.declarative(BeagleSchema.Screen(id: nil, style: nil, safeArea: nil, navigationBar: nil, screenAnalyticsEvent: nil, child: BeagleSchema.Container(children: [], widgetProperties: BeagleSchema.WidgetProperties(id: nil, style: nil, flex: nil, accessibility: nil)))))  -->  NULL 

  pushView(BeagleSchema.Route.remote("path", shouldPrefetch: true, fallback: nil))  -->  NewPath(route: "path", shouldPrefetch: true, fallback: nil) 

  pushView(BeagleSchema.Route.remote("path", shouldPrefetch: false, fallback: nil))  -->  NewPath(route: "path", shouldPrefetch: false, fallback: nil) 

  popStack  -->  NULL 

  popView  -->  NULL 

  popToView("path")  -->  NULL 

